{
  "status": "checks_completed",
  "failed_source_ids": [],
  "source_checks": {
    "ALBERTA_MAJOR_PROJECTS": {
      "content_hash": "sha256:effcef27c3b14d87697627b62ce136ef10faf80ca070e1387001c7f91de404da",
      "retrieved_at": "2026-10-03T23:44:59+00:00",
      "changed": true,
      "last_success": "2026-10-03",
      "last_attempt": "2026-10-03",
      "status": "checked",
      "review_due": "2026-10-10"
    },
    "STATCAN_JVWS_14100444": {
      "content_hash": "sha256:bb50ed47b2b5149c481e11f7be3289f137867df7457f17d7e58e37c5ea6a0080",
      "retrieved_at": "2026-10-03T23:45:13+00:00",
      "changed": true,
      "last_success": "2026-10-03",
      "last_attempt": "2026-10-03",
      "status": "checked",
      "review_due": "2026-10-10"
    },
    "STATCAN_BCPI_18100289": {
      "content_hash": "sha256:d0d11fda82bf37c3720d159c1d441bc1f15abd73ba9b7d9e750f4b1929b26612",
      "retrieved_at": "2026-10-03T23:47:29+00:00",
      "changed": true,
      "last_success": "2026-10-03",
      "last_attempt": "2026-10-03",
      "status": "checked",
      "review_due": "2026-10-10"
    }
  }
}

> sites-project@0.2.0 attribution:proxy-treatment
> PYTHONPATH=research/src python3 -m aiio.cli --root . build-proxy-treatment data/processed/alberta_ai_projects.csv data/processed/edmonton_data_centre_permit_proxy.csv data/model-runs/alberta_ai_capex_announcement_ledger_v0.1.json data/model-runs/edmonton_data_centre_permit_proxy_v0.1.json data/processed/ai_construction_proxy_alberta_v0.1.csv data/model-runs/ai_construction_proxy_alberta_v0.1.json

{"status": "passed", "model_id": "AIIO_E2_RECONSTRUCTED_AI_CONSTRUCTION_PROXY_0_1", "row_count": 76, "causal_effect_authorized": false}

> sites-project@0.2.0 attribution:panel
> PYTHONPATH=research/src python3 -m aiio.cli --root . build-empirical-covariate-panel data/model/ai_attribution_panel_contract_v0.1.json data/model/ai_attribution_panel_acquisition_contract_v0.1.json data/processed/bcpi_alberta.csv data/processed/bcpi_reference_van_tor_mtl.csv data/processed/building_investment_controls_canada.csv data/processed/regional_macro_controls_canada.csv data/processed/labour_availability_canada.csv data/processed/ai_construction_proxy_alberta_v0.1.csv data/processed/ai_attribution_empirical_covariate_panel_v0.1.csv data/model-runs/ai_attribution_empirical_covariate_panel_v0.1.json

{"status": "passed", "panel_id": "AIIO_E2_EMPIRICAL_COVARIATE_PANEL_0_1", "row_count": 570, "effect_estimation_authorized": false}

> sites-project@0.2.0 attribution:estimate
> PYTHONPATH=research/src python3 -m aiio.cli --root . run-empirical-estimation-gate data/model/ai_attribution_panel_contract_v0.1.json data/processed/ai_attribution_empirical_covariate_panel_v0.1.csv data/model-runs/ai_attribution_empirical_covariate_panel_v0.1.json data/model-runs/ai_attribution_empirical_estimation_v0.1.json

{"status": "passed", "run_id": "AIIO_E2_EMPIRICAL_ESTIMATION_GATE_0_1", "analysis_status": "withheld_ineligible_panel", "effect_publication_authorized": false}

> sites-project@0.2.0 attribution:proxy-association
> PYTHONPATH=research/src python3 -m aiio.cli --root . run-proxy-association data/processed/ai_attribution_empirical_covariate_panel_v0.1.csv data/model-runs/ai_attribution_empirical_covariate_panel_v0.1.json data/model-runs/ai_attribution_proxy_association_v0.1.json

{"status": "passed", "run_id": "AIIO_E2_ALBERTA_PROXY_ASSOCIATION_0_1", "result_count": 3, "causal_interpretation_authorized": false}

> sites-project@0.2.0 attribution:preflight
> PYTHONPATH=research/src python3 -m aiio.cli --root . run-panel-acquisition-preflight data/model/ai_attribution_panel_contract_v0.1.json data/model/ai_attribution_panel_acquisition_contract_v0.1.json data/model-runs/ai_attribution_panel_preflight_v0.1.json

{"status": "passed", "preflight_id": "AIIO_E2_PANEL_ACQUISITION_PREFLIGHT_0_1", "candidate_region_count": 5, "required_field_instance_count": 27, "assembled_panel_row_count": 0, "effect_estimation_authorized": false}
Published 49 Infrastructure developer overlap records; 3 enabling-power records.
Published 19 phase records and the research register with SHA-256 provenance.
{
  "automatic_model_change": false,
  "candidate_counts": {
    "edmonton": 17,
    "montreal": 14,
    "toronto": 53,
    "vancouver": 13
  },
  "comparison_panel_rows": 456,
  "edition_date": "2026-10-03",
  "failed_feed_groups": [],
  "failed_source_ids": [],
  "research_surface_artifacts": 53,
  "status": "review_pr_required"
}

--- STDERR ---
{"source_id": "STATCAN_JVWS_14100444", "attempt": 1, "retrying": true, "registered_retrieval_url": "https://www150.statcan.gc.ca/n1/en/tbl/csv/14100444-eng.zip", "error_type": "URLError", "transport_reason_class": "ConnectionResetError", "transport_errno": 54}
{"source_id": "STATCAN_BCPI_18100289", "attempt": 1, "retrying": true, "registered_retrieval_url": "https://www150.statcan.gc.ca/n1/en/tbl/csv/18100289-eng.zip", "error_type": "URLError", "transport_reason_class": "TimeoutError"}
